IQ-TREE multicore version 2.3.6 for MacOS ARM 64-bit built Jul 30 2024
Developed by Bui Quang Minh, Nguyen Lam Tung, Olga Chernomor, Heiko Schmidt,
Dominik Schrempf, Michael Woodhams, Ly Trong Nhan, Thomas Wong

Host:    Jis-MacBook-Air.local (SSE4.2, 24 GB RAM)
Command: /opt/homebrew/bin/iqtree2 -s /Volumes/Expansion/Codex_Project_Archive/DNMT3L_Evolution/DNMT3L_Broadened_Reanalysis_20261006/analysis_v2/selection_inputs/Placentalia_MAFFT_selection_input.fasta -st CODON -m MGK+F3X4+R4 -fast --alrt 1000 -T 2 --seed 20261006 --prefix /Volumes/Expansion/Codex_Project_Archive/DNMT3L_Evolution/DNMT3L_Broadened_Reanalysis_20261006/analysis_v2/phylogenies/Placentalia_MAFFT/Placentalia_MAFFT
Seed:    20261006 (Using SPRNG - Scalable Parallel Random Number Generator)
Time:    Tue Oct  6 13:54:11 2026
Kernel:  SSE2 - 2 threads (10 CPU cores detected)

Reading alignment file /Volumes/Expansion/Codex_Project_Archive/DNMT3L_Evolution/DNMT3L_Broadened_Reanalysis_20261006/analysis_v2/selection_inputs/Placentalia_MAFFT_selection_input.fasta ... Fasta format detected
Reading fasta file: done in 0.00375009 secs using 92.1% CPU
Alignment most likely contains DNA/RNA sequences
Converting to codon sequences with genetic code  ...
Alignment has 211 sequences with 380 columns, 378 distinct patterns
372 parsimony-informative, 4 singleton sites, 4 constant sites
Analyzing sequences: done in 0.000218868 secs using 184.1% CPU
Creating fast initial parsimony tree by random order stepwise addition...
1.98 seconds, parsimony score: 8649 (based on 376 sites)

NOTE: 173 MB RAM (0 GB) is required!
Estimate model parameters (epsilon = 0.50)
1. Initial log-likelihood: -53141.83
2. Current log-likelihood: -49515.65
3. Current log-likelihood: -49199.03
Optimal log-likelihood: -49198.87
Nonsynonymous/synonymous ratio (omega): 0.25
Transition/transversion ratio (kappa): 3.04
Site proportion and rates:  (0.45,0.41) (0.36,1.04) (0.17,2.05) (0.03,3.52)
Parameters optimization took 3 rounds (764.43 sec)
Wrote distance file to... 
Computing ML distances based on estimated model parameters...
Calculating distance matrix: done in 390.463 secs using 128.4% CPU
Computing ML distances took 390.477278 sec (of wall-clock time) 501.444737 sec (of CPU time)
Setting up auxiliary I and S matrices: done in 0.000487089 secs using 209.2% CPU
Computing RapidNJ tree took 0.011319 sec (of wall-clock time) 0.015141 sec (of CPU time)
Log-likelihood of RapidNJ tree: -49193.943
--------------------------------------------------------------------
|             INITIALIZING CANDIDATE TREE SET                      |
--------------------------------------------------------------------

Do NNI search on 2 best initial trees
Estimate model parameters (epsilon = 0.500)
BETTER TREE FOUND at iteration 1: -49029.424
Finish initializing candidate tree set (4)
Current best tree score: -49029.424 / CPU time: 456.956
Number of iterations: 2
TREE SEARCH COMPLETED AFTER 2 ITERATIONS / Time: 0h:27m:7s

--------------------------------------------------------------------
|                    FINALIZING TREE SEARCH                        |
--------------------------------------------------------------------
Performs final model parameters optimization
Estimate model parameters (epsilon = 0.050)
1. Initial log-likelihood: -49029.424
Optimal log-likelihood: -49029.424
Nonsynonymous/synonymous ratio (omega): 0.247
Transition/transversion ratio (kappa): 3.087
Site proportion and rates:  (0.363,0.379) (0.388,0.935) (0.221,1.857) (0.028,3.216)
Parameters optimization took 1 rounds (63.618 sec)
BEST SCORE FOUND : -49029.424

Testing tree branches by SH-like aLRT with 1000 replicates...
Alternative NNI shows better log-likelihood -49029.228 > -49029.424
Alternative NNI shows better log-likelihood -49029.141 > -49029.424
Alternative NNI shows better log-likelihood -49029.419 > -49029.424
Alternative NNI shows better log-likelihood -49029.421 > -49029.424
28.397 sec.
Total tree length: 26.692

Total number of iterations: 2
CPU time used for tree search: 449.847 sec (0h:7m:29s)
Wall-clock time used for tree search: 456.957 sec (0h:7m:36s)
Total CPU time used: 1851.453 sec (0h:30m:51s)
Total wall-clock time used: 1719.561 sec (0h:28m:39s)

Analysis results written to: 
  IQ-TREE report:                /Volumes/Expansion/Codex_Project_Archive/DNMT3L_Evolution/DNMT3L_Broadened_Reanalysis_20261006/analysis_v2/phylogenies/Placentalia_MAFFT/Placentalia_MAFFT.iqtree
  Maximum-likelihood tree:       /Volumes/Expansion/Codex_Project_Archive/DNMT3L_Evolution/DNMT3L_Broadened_Reanalysis_20261006/analysis_v2/phylogenies/Placentalia_MAFFT/Placentalia_MAFFT.treefile
  Likelihood distances:          /Volumes/Expansion/Codex_Project_Archive/DNMT3L_Evolution/DNMT3L_Broadened_Reanalysis_20261006/analysis_v2/phylogenies/Placentalia_MAFFT/Placentalia_MAFFT.mldist
  Screen log file:               /Volumes/Expansion/Codex_Project_Archive/DNMT3L_Evolution/DNMT3L_Broadened_Reanalysis_20261006/analysis_v2/phylogenies/Placentalia_MAFFT/Placentalia_MAFFT.log

Date and Time: Tue Oct  6 14:22:51 2026
