IQ-TREE multicore version 2.3.6 for MacOS ARM 64-bit built Jul 30 2024
Developed by Bui Quang Minh, Nguyen Lam Tung, Olga Chernomor, Heiko Schmidt,
Dominik Schrempf, Michael Woodhams, Ly Trong Nhan, Thomas Wong

Host:    Jis-MacBook-Air.local (SSE4.2, 24 GB RAM)
Command: /opt/homebrew/bin/iqtree2 -s /Volumes/Expansion/Codex_Project_Archive/DNMT3L_Evolution/DNMT3L_Broadened_Reanalysis_20261006/analysis_v2/selection_inputs/Euarchontoglires_MACSE_selection_input.fasta -st CODON -m MGK+F3X4+R4 -fast --alrt 1000 -T 2 --seed 20261006 --prefix /Volumes/Expansion/Codex_Project_Archive/DNMT3L_Evolution/DNMT3L_Broadened_Reanalysis_20261006/analysis_v2/phylogenies/Euarchontoglires_MACSE/Euarchontoglires_MACSE
Seed:    20261006 (Using SPRNG - Scalable Parallel Random Number Generator)
Time:    Tue Oct  6 13:34:36 2026
Kernel:  SSE2 - 2 threads (10 CPU cores detected)

Reading alignment file /Volumes/Expansion/Codex_Project_Archive/DNMT3L_Evolution/DNMT3L_Broadened_Reanalysis_20261006/analysis_v2/selection_inputs/Euarchontoglires_MACSE_selection_input.fasta ... Fasta format detected
Reading fasta file: done in 0.000727892 secs using 91.91% CPU
Alignment most likely contains DNA/RNA sequences
Converting to codon sequences with genetic code  ...
Alignment has 83 sequences with 386 columns, 380 distinct patterns
363 parsimony-informative, 14 singleton sites, 9 constant sites
Analyzing sequences: done in 1.90735e-05 secs using 167.8% CPU
Creating fast initial parsimony tree by random order stepwise addition...
0.18 seconds, parsimony score: 4173 (based on 377 sites)

NOTE: 68 MB RAM (0 GB) is required!
Estimate model parameters (epsilon = 0.50)
1. Initial log-likelihood: -25675.21
2. Current log-likelihood: -23942.95
Optimal log-likelihood: -23942.77
Nonsynonymous/synonymous ratio (omega): 0.27
Transition/transversion ratio (kappa): 2.97
Site proportion and rates:  (0.26,0.29) (0.35,0.80) (0.24,1.24) (0.15,2.24)
Parameters optimization took 2 rounds (81.83 sec)
Wrote distance file to... 
Computing ML distances based on estimated model parameters...
Calculating distance matrix: done in 55.4808 secs using 127.3% CPU
Computing ML distances took 55.498207 sec (of wall-clock time) 70.629676 sec (of CPU time)
Setting up auxiliary I and S matrices: done in 0.000154972 secs using 107.8% CPU
Computing RapidNJ tree took 0.004129 sec (of wall-clock time) 0.003611 sec (of CPU time)
Log-likelihood of RapidNJ tree: -23648.840
--------------------------------------------------------------------
|             INITIALIZING CANDIDATE TREE SET                      |
--------------------------------------------------------------------

Do NNI search on 2 best initial trees
Estimate model parameters (epsilon = 0.500)
BETTER TREE FOUND at iteration 1: -23574.784
Finish initializing candidate tree set (4)
Current best tree score: -23574.784 / CPU time: 250.727
Number of iterations: 2
TREE SEARCH COMPLETED AFTER 2 ITERATIONS / Time: 0h:6m:31s

--------------------------------------------------------------------
|                    FINALIZING TREE SEARCH                        |
--------------------------------------------------------------------
Performs final model parameters optimization
Estimate model parameters (epsilon = 0.050)
1. Initial log-likelihood: -23574.784
Optimal log-likelihood: -23574.784
Nonsynonymous/synonymous ratio (omega): 0.257
Transition/transversion ratio (kappa): 3.092
Site proportion and rates:  (0.269,0.299) (0.484,0.897) (0.239,1.908) (0.007,4.064)
Parameters optimization took 1 rounds (22.228 sec)
BEST SCORE FOUND : -23574.784

Testing tree branches by SH-like aLRT with 1000 replicates...
Alternative NNI shows better log-likelihood -23573.402 > -23574.784
Alternative NNI shows better log-likelihood -23573.696 > -23574.784
Alternative NNI shows better log-likelihood -23574.123 > -23574.784
Alternative NNI shows better log-likelihood -23574.421 > -23574.784
Alternative NNI shows better log-likelihood -23573.252 > -23574.784
12.858 sec.
Total tree length: 13.803

Total number of iterations: 2
CPU time used for tree search: 303.494 sec (0h:5m:3s)
Wall-clock time used for tree search: 250.727 sec (0h:4m:10s)
Total CPU time used: 513.232 sec (0h:8m:33s)
Total wall-clock time used: 426.373 sec (0h:7m:6s)

Analysis results written to: 
  IQ-TREE report:                /Volumes/Expansion/Codex_Project_Archive/DNMT3L_Evolution/DNMT3L_Broadened_Reanalysis_20261006/analysis_v2/phylogenies/Euarchontoglires_MACSE/Euarchontoglires_MACSE.iqtree
  Maximum-likelihood tree:       /Volumes/Expansion/Codex_Project_Archive/DNMT3L_Evolution/DNMT3L_Broadened_Reanalysis_20261006/analysis_v2/phylogenies/Euarchontoglires_MACSE/Euarchontoglires_MACSE.treefile
  Likelihood distances:          /Volumes/Expansion/Codex_Project_Archive/DNMT3L_Evolution/DNMT3L_Broadened_Reanalysis_20261006/analysis_v2/phylogenies/Euarchontoglires_MACSE/Euarchontoglires_MACSE.mldist
  Screen log file:               /Volumes/Expansion/Codex_Project_Archive/DNMT3L_Evolution/DNMT3L_Broadened_Reanalysis_20261006/analysis_v2/phylogenies/Euarchontoglires_MACSE/Euarchontoglires_MACSE.log

Date and Time: Tue Oct  6 13:41:43 2026
