IQ-TREE multicore version 2.3.6 for MacOS ARM 64-bit built Jul 30 2024
Developed by Bui Quang Minh, Nguyen Lam Tung, Olga Chernomor, Heiko Schmidt,
Dominik Schrempf, Michael Woodhams, Ly Trong Nhan, Thomas Wong

Host:    Jis-MacBook-Air.local (SSE4.2, 24 GB RAM)
Command: /opt/homebrew/bin/iqtree2 -s /Volumes/Expansion/Codex_Project_Archive/DNMT3L_Evolution/DNMT3L_Broadened_Reanalysis_20261006/analysis_v2/selection_inputs/Laurasiatheria_MAFFT_selection_input.fasta -st CODON -m MGK+F3X4+R4 -fast --alrt 1000 -T 2 --seed 20261006 --prefix /Volumes/Expansion/Codex_Project_Archive/DNMT3L_Evolution/DNMT3L_Broadened_Reanalysis_20261006/analysis_v2/phylogenies/Laurasiatheria_MAFFT/Laurasiatheria_MAFFT
Seed:    20261006 (Using SPRNG - Scalable Parallel Random Number Generator)
Time:    Tue Oct  6 13:40:42 2026
Kernel:  SSE2 - 2 threads (10 CPU cores detected)

Reading alignment file /Volumes/Expansion/Codex_Project_Archive/DNMT3L_Evolution/DNMT3L_Broadened_Reanalysis_20261006/analysis_v2/selection_inputs/Laurasiatheria_MAFFT_selection_input.fasta ... Fasta format detected
Reading fasta file: done in 0.00214291 secs using 91.51% CPU
Alignment most likely contains DNA/RNA sequences
Converting to codon sequences with genetic code  ...
Alignment has 118 sequences with 381 columns, 379 distinct patterns
353 parsimony-informative, 20 singleton sites, 8 constant sites
Analyzing sequences: done in 8.51154e-05 secs using 179.8% CPU
Creating fast initial parsimony tree by random order stepwise addition...
0.40 seconds, parsimony score: 3756 (based on 373 sites)

NOTE: 97 MB RAM (0 GB) is required!
Estimate model parameters (epsilon = 0.50)
1. Initial log-likelihood: -25314.24
2. Current log-likelihood: -23935.39
Optimal log-likelihood: -23935.36
Nonsynonymous/synonymous ratio (omega): 0.29
Transition/transversion ratio (kappa): 2.68
Site proportion and rates:  (0.34,0.33) (0.37,0.86) (0.26,1.77) (0.03,3.41)
Parameters optimization took 2 rounds (255.64 sec)
Wrote distance file to... 
Computing ML distances based on estimated model parameters...
Calculating distance matrix: done in 150.328 secs using 124.2% CPU
Computing ML distances took 150.362928 sec (of wall-clock time) 186.731929 sec (of CPU time)
Setting up auxiliary I and S matrices: done in 0.000588894 secs using 121.8% CPU
Computing RapidNJ tree took 0.011232 sec (of wall-clock time) 0.006299 sec (of CPU time)
Log-likelihood of RapidNJ tree: -23749.597
--------------------------------------------------------------------
|             INITIALIZING CANDIDATE TREE SET                      |
--------------------------------------------------------------------

Do NNI search on 2 best initial trees
Estimate model parameters (epsilon = 0.500)
BETTER TREE FOUND at iteration 1: -23666.926
Estimate model parameters (epsilon = 0.500)
BETTER TREE FOUND at iteration 2: -23659.921
Finish initializing candidate tree set (4)
Current best tree score: -23659.921 / CPU time: 337.119
Number of iterations: 2
TREE SEARCH COMPLETED AFTER 2 ITERATIONS / Time: 0h:12m:29s

--------------------------------------------------------------------
|                    FINALIZING TREE SEARCH                        |
--------------------------------------------------------------------
Performs final model parameters optimization
Estimate model parameters (epsilon = 0.050)
1. Initial log-likelihood: -23659.921
Optimal log-likelihood: -23659.921
Nonsynonymous/synonymous ratio (omega): 0.282
Transition/transversion ratio (kappa): 2.761
Site proportion and rates:  (0.400,0.350) (0.351,0.940) (0.217,1.902) (0.033,3.637)
Parameters optimization took 1 rounds (41.516 sec)
BEST SCORE FOUND : -23659.921

Testing tree branches by SH-like aLRT with 1000 replicates...
Alternative NNI shows better log-likelihood -23659.833 > -23659.921
Alternative NNI shows better log-likelihood -23659.819 > -23659.921
Alternative NNI shows better log-likelihood -23659.703 > -23659.921
Alternative NNI shows better log-likelihood -23659.860 > -23659.921
Alternative NNI shows better log-likelihood -23659.900 > -23659.921
Alternative NNI shows better log-likelihood -23658.549 > -23659.921
17.616 sec.
Total tree length: 10.739

Total number of iterations: 2
CPU time used for tree search: 348.910 sec (0h:5m:48s)
Wall-clock time used for tree search: 337.119 sec (0h:5m:37s)
Total CPU time used: 884.777 sec (0h:14m:44s)
Total wall-clock time used: 809.063 sec (0h:13m:29s)

Analysis results written to: 
  IQ-TREE report:                /Volumes/Expansion/Codex_Project_Archive/DNMT3L_Evolution/DNMT3L_Broadened_Reanalysis_20261006/analysis_v2/phylogenies/Laurasiatheria_MAFFT/Laurasiatheria_MAFFT.iqtree
  Maximum-likelihood tree:       /Volumes/Expansion/Codex_Project_Archive/DNMT3L_Evolution/DNMT3L_Broadened_Reanalysis_20261006/analysis_v2/phylogenies/Laurasiatheria_MAFFT/Laurasiatheria_MAFFT.treefile
  Likelihood distances:          /Volumes/Expansion/Codex_Project_Archive/DNMT3L_Evolution/DNMT3L_Broadened_Reanalysis_20261006/analysis_v2/phylogenies/Laurasiatheria_MAFFT/Laurasiatheria_MAFFT.mldist
  Screen log file:               /Volumes/Expansion/Codex_Project_Archive/DNMT3L_Evolution/DNMT3L_Broadened_Reanalysis_20261006/analysis_v2/phylogenies/Laurasiatheria_MAFFT/Laurasiatheria_MAFFT.log

Date and Time: Tue Oct  6 13:54:11 2026
