IQ-TREE multicore version 2.3.6 for MacOS ARM 64-bit built Jul 30 2024
Developed by Bui Quang Minh, Nguyen Lam Tung, Olga Chernomor, Heiko Schmidt,
Dominik Schrempf, Michael Woodhams, Ly Trong Nhan, Thomas Wong

Host:    Jis-MacBook-Air.local (SSE4.2, 24 GB RAM)
Command: /opt/homebrew/bin/iqtree2 -s /Volumes/Expansion/Codex_Project_Archive/DNMT3L_Evolution/DNMT3L_Broadened_Reanalysis_20261006/analysis_v2/selection_inputs/Laurasiatheria_MACSE_selection_input.fasta -st CODON -m MGK+F3X4+R4 -fast --alrt 1000 -T 2 --seed 20261006 --prefix /Volumes/Expansion/Codex_Project_Archive/DNMT3L_Evolution/DNMT3L_Broadened_Reanalysis_20261006/analysis_v2/phylogenies/Laurasiatheria_MACSE/Laurasiatheria_MACSE
Seed:    20261006 (Using SPRNG - Scalable Parallel Random Number Generator)
Time:    Tue Oct  6 13:38:41 2026
Kernel:  SSE2 - 2 threads (10 CPU cores detected)

Reading alignment file /Volumes/Expansion/Codex_Project_Archive/DNMT3L_Evolution/DNMT3L_Broadened_Reanalysis_20261006/analysis_v2/selection_inputs/Laurasiatheria_MACSE_selection_input.fasta ... Fasta format detected
Reading fasta file: done in 0.00212002 secs using 91.79% CPU
Alignment most likely contains DNA/RNA sequences
Converting to codon sequences with genetic code  ...
Alignment has 117 sequences with 381 columns, 379 distinct patterns
352 parsimony-informative, 21 singleton sites, 8 constant sites
Analyzing sequences: done in 8.79765e-05 secs using 177.3% CPU
Creating fast initial parsimony tree by random order stepwise addition...
0.47 seconds, parsimony score: 3592 (based on 373 sites)

NOTE: 96 MB RAM (0 GB) is required!
Estimate model parameters (epsilon = 0.50)
1. Initial log-likelihood: -23985.62
2. Current log-likelihood: -22475.26
3. Current log-likelihood: -22245.89
4. Current log-likelihood: -22239.92
5. Current log-likelihood: -22238.43
Optimal log-likelihood: -22237.94
Nonsynonymous/synonymous ratio (omega): 0.25
Transition/transversion ratio (kappa): 3.03
Site proportion and rates:  (0.36,0.37) (0.43,0.98) (0.21,2.02) (0.00,6.16)
Parameters optimization took 5 rounds (604.88 sec)
Wrote distance file to... 
Computing ML distances based on estimated model parameters...
Calculating distance matrix: done in 113.55 secs using 126.6% CPU
Computing ML distances took 113.577082 sec (of wall-clock time) 143.744515 sec (of CPU time)
Setting up auxiliary I and S matrices: done in 0.000237942 secs using 152.6% CPU
Computing RapidNJ tree took 0.011013 sec (of wall-clock time) 0.006764 sec (of CPU time)
Log-likelihood of RapidNJ tree: -22259.388
--------------------------------------------------------------------
|             INITIALIZING CANDIDATE TREE SET                      |
--------------------------------------------------------------------

Do NNI search on 2 best initial trees
Estimate model parameters (epsilon = 0.500)
BETTER TREE FOUND at iteration 1: -22178.189
Estimate model parameters (epsilon = 0.500)
BETTER TREE FOUND at iteration 2: -22167.094
Finish initializing candidate tree set (4)
Current best tree score: -22167.094 / CPU time: 290.897
Number of iterations: 2
TREE SEARCH COMPLETED AFTER 2 ITERATIONS / Time: 0h:16m:59s

--------------------------------------------------------------------
|                    FINALIZING TREE SEARCH                        |
--------------------------------------------------------------------
Performs final model parameters optimization
Estimate model parameters (epsilon = 0.050)
1. Initial log-likelihood: -22167.094
Optimal log-likelihood: -22167.094
Nonsynonymous/synonymous ratio (omega): 0.249
Transition/transversion ratio (kappa): 3.040
Site proportion and rates:  (0.325,0.347) (0.430,0.925) (0.240,1.916) (0.005,6.241)
Parameters optimization took 1 rounds (34.022 sec)
BEST SCORE FOUND : -22167.094

Testing tree branches by SH-like aLRT with 1000 replicates...
Alternative NNI shows better log-likelihood -22167.091 > -22167.094
17.879 sec.
Total tree length: 13.171

Total number of iterations: 2
CPU time used for tree search: 300.198 sec (0h:5m:0s)
Wall-clock time used for tree search: 290.897 sec (0h:4m:50s)
Total CPU time used: 1180.074 sec (0h:19m:40s)
Total wall-clock time used: 1071.690 sec (0h:17m:51s)

Analysis results written to: 
  IQ-TREE report:                /Volumes/Expansion/Codex_Project_Archive/DNMT3L_Evolution/DNMT3L_Broadened_Reanalysis_20261006/analysis_v2/phylogenies/Laurasiatheria_MACSE/Laurasiatheria_MACSE.iqtree
  Maximum-likelihood tree:       /Volumes/Expansion/Codex_Project_Archive/DNMT3L_Evolution/DNMT3L_Broadened_Reanalysis_20261006/analysis_v2/phylogenies/Laurasiatheria_MACSE/Laurasiatheria_MACSE.treefile
  Likelihood distances:          /Volumes/Expansion/Codex_Project_Archive/DNMT3L_Evolution/DNMT3L_Broadened_Reanalysis_20261006/analysis_v2/phylogenies/Laurasiatheria_MACSE/Laurasiatheria_MACSE.mldist
  Screen log file:               /Volumes/Expansion/Codex_Project_Archive/DNMT3L_Evolution/DNMT3L_Broadened_Reanalysis_20261006/analysis_v2/phylogenies/Laurasiatheria_MACSE/Laurasiatheria_MACSE.log

Date and Time: Tue Oct  6 13:56:32 2026
