IQ-TREE multicore version 2.3.6 for MacOS ARM 64-bit built Jul 30 2024
Developed by Bui Quang Minh, Nguyen Lam Tung, Olga Chernomor, Heiko Schmidt,
Dominik Schrempf, Michael Woodhams, Ly Trong Nhan, Thomas Wong

Host:    Jis-MacBook-Air.local (SSE4.2, 24 GB RAM)
Command: /opt/homebrew/bin/iqtree2 -s /Volumes/Expansion/Codex_Project_Archive/DNMT3L_Evolution/DNMT3L_Broadened_Reanalysis_20261006/analysis_v2/selection_inputs/Euarchontoglires_PRANK_selection_input.fasta -st CODON -m MGK+F3X4+R4 -fast --alrt 1000 -T 2 --seed 20261006 --prefix /Volumes/Expansion/Codex_Project_Archive/DNMT3L_Evolution/DNMT3L_Broadened_Reanalysis_20261006/analysis_v2/phylogenies/Euarchontoglires_PRANK/Euarchontoglires_PRANK
Seed:    20261006 (Using SPRNG - Scalable Parallel Random Number Generator)
Time:    Tue Oct  6 13:34:36 2026
Kernel:  SSE2 - 2 threads (10 CPU cores detected)

Reading alignment file /Volumes/Expansion/Codex_Project_Archive/DNMT3L_Evolution/DNMT3L_Broadened_Reanalysis_20261006/analysis_v2/selection_inputs/Euarchontoglires_PRANK_selection_input.fasta ... Fasta format detected
Reading fasta file: done in 0.000715971 secs using 91.34% CPU
Alignment most likely contains DNA/RNA sequences
Converting to codon sequences with genetic code  ...
Alignment has 83 sequences with 377 columns, 372 distinct patterns
355 parsimony-informative, 13 singleton sites, 9 constant sites
Analyzing sequences: done in 2.40803e-05 secs using 128.7% CPU
Creating fast initial parsimony tree by random order stepwise addition...
0.18 seconds, parsimony score: 3848 (based on 368 sites)

NOTE: 67 MB RAM (0 GB) is required!
Estimate model parameters (epsilon = 0.50)
1. Initial log-likelihood: -23369.87
2. Current log-likelihood: -21592.12
Optimal log-likelihood: -21591.93
Nonsynonymous/synonymous ratio (omega): 0.25
Transition/transversion ratio (kappa): 3.28
Site proportion and rates:  (0.14,0.26) (0.25,0.47) (0.43,1.09) (0.17,2.16)
Parameters optimization took 2 rounds (62.50 sec)
Wrote distance file to... 
Computing ML distances based on estimated model parameters...
Calculating distance matrix: done in 53.4024 secs using 127.7% CPU
Computing ML distances took 53.438954 sec (of wall-clock time) 68.176208 sec (of CPU time)
Setting up auxiliary I and S matrices: done in 0.000217915 secs using 67.92% CPU
Computing RapidNJ tree took 0.004340 sec (of wall-clock time) 0.002971 sec (of CPU time)
Log-likelihood of RapidNJ tree: -21486.914
--------------------------------------------------------------------
|             INITIALIZING CANDIDATE TREE SET                      |
--------------------------------------------------------------------

Do NNI search on 2 best initial trees
Estimate model parameters (epsilon = 0.500)
BETTER TREE FOUND at iteration 1: -21473.100
Finish initializing candidate tree set (4)
Current best tree score: -21473.100 / CPU time: 99.833
Number of iterations: 2
TREE SEARCH COMPLETED AFTER 2 ITERATIONS / Time: 0h:3m:38s

--------------------------------------------------------------------
|                    FINALIZING TREE SEARCH                        |
--------------------------------------------------------------------
Performs final model parameters optimization
Estimate model parameters (epsilon = 0.050)
1. Initial log-likelihood: -21473.100
Optimal log-likelihood: -21473.100
Nonsynonymous/synonymous ratio (omega): 0.240
Transition/transversion ratio (kappa): 3.374
Site proportion and rates:  (0.098,0.249) (0.261,0.408) (0.440,1.036) (0.201,2.053)
Parameters optimization took 1 rounds (16.281 sec)
BEST SCORE FOUND : -21473.100

Testing tree branches by SH-like aLRT with 1000 replicates...
9.049 sec.
Total tree length: 12.890

Total number of iterations: 2
CPU time used for tree search: 114.530 sec (0h:1m:54s)
Wall-clock time used for tree search: 99.833 sec (0h:1m:39s)
Total CPU time used: 297.258 sec (0h:4m:57s)
Total wall-clock time used: 244.067 sec (0h:4m:4s)

Analysis results written to: 
  IQ-TREE report:                /Volumes/Expansion/Codex_Project_Archive/DNMT3L_Evolution/DNMT3L_Broadened_Reanalysis_20261006/analysis_v2/phylogenies/Euarchontoglires_PRANK/Euarchontoglires_PRANK.iqtree
  Maximum-likelihood tree:       /Volumes/Expansion/Codex_Project_Archive/DNMT3L_Evolution/DNMT3L_Broadened_Reanalysis_20261006/analysis_v2/phylogenies/Euarchontoglires_PRANK/Euarchontoglires_PRANK.treefile
  Likelihood distances:          /Volumes/Expansion/Codex_Project_Archive/DNMT3L_Evolution/DNMT3L_Broadened_Reanalysis_20261006/analysis_v2/phylogenies/Euarchontoglires_PRANK/Euarchontoglires_PRANK.mldist
  Screen log file:               /Volumes/Expansion/Codex_Project_Archive/DNMT3L_Evolution/DNMT3L_Broadened_Reanalysis_20261006/analysis_v2/phylogenies/Euarchontoglires_PRANK/Euarchontoglires_PRANK.log

Date and Time: Tue Oct  6 13:38:41 2026
