IQ-TREE multicore version 2.3.6 for MacOS ARM 64-bit built Jul 30 2024
Developed by Bui Quang Minh, Nguyen Lam Tung, Olga Chernomor, Heiko Schmidt,
Dominik Schrempf, Michael Woodhams, Ly Trong Nhan, Thomas Wong

Host:    Jis-MacBook-Air.local (SSE4.2, 24 GB RAM)
Command: /opt/homebrew/bin/iqtree2 -s /Volumes/Expansion/Codex_Project_Archive/DNMT3L_Evolution/DNMT3L_Broadened_Reanalysis_20261006/analysis_v2/selection_inputs/Euarchontoglires_MAFFT_selection_input.fasta -st CODON -m MGK+F3X4+R4 -fast --alrt 1000 -T 2 --seed 20261006 --prefix /Volumes/Expansion/Codex_Project_Archive/DNMT3L_Evolution/DNMT3L_Broadened_Reanalysis_20261006/analysis_v2/phylogenies/Euarchontoglires_MAFFT/Euarchontoglires_MAFFT
Seed:    20261006 (Using SPRNG - Scalable Parallel Random Number Generator)
Time:    Tue Oct  6 13:34:36 2026
Kernel:  SSE2 - 2 threads (10 CPU cores detected)

Reading alignment file /Volumes/Expansion/Codex_Project_Archive/DNMT3L_Evolution/DNMT3L_Broadened_Reanalysis_20261006/analysis_v2/selection_inputs/Euarchontoglires_MAFFT_selection_input.fasta ... Fasta format detected
Reading fasta file: done in 0.000735998 secs using 90.9% CPU
Alignment most likely contains DNA/RNA sequences
Converting to codon sequences with genetic code  ...
Alignment has 83 sequences with 386 columns, 380 distinct patterns
365 parsimony-informative, 12 singleton sites, 9 constant sites
Analyzing sequences: done in 1.90735e-05 secs using 167.8% CPU
Creating fast initial parsimony tree by random order stepwise addition...
0.18 seconds, parsimony score: 4186 (based on 377 sites)

NOTE: 68 MB RAM (0 GB) is required!
Estimate model parameters (epsilon = 0.50)
1. Initial log-likelihood: -25756.95
2. Current log-likelihood: -24035.77
3. Current log-likelihood: -23905.51
Optimal log-likelihood: -23905.48
Nonsynonymous/synonymous ratio (omega): 0.27
Transition/transversion ratio (kappa): 3.07
Site proportion and rates:  (0.39,0.36) (0.44,1.05) (0.15,2.12) (0.03,3.30)
Parameters optimization took 3 rounds (147.52 sec)
Wrote distance file to... 
Computing ML distances based on estimated model parameters...
Calculating distance matrix: done in 51.8478 secs using 144.5% CPU
Computing ML distances took 51.887584 sec (of wall-clock time) 74.922842 sec (of CPU time)
Setting up auxiliary I and S matrices: done in 0.000164986 secs using 104.3% CPU
Computing RapidNJ tree took 0.003834 sec (of wall-clock time) 0.003321 sec (of CPU time)
Log-likelihood of RapidNJ tree: -23807.958
--------------------------------------------------------------------
|             INITIALIZING CANDIDATE TREE SET                      |
--------------------------------------------------------------------

Do NNI search on 2 best initial trees
Estimate model parameters (epsilon = 0.500)
BETTER TREE FOUND at iteration 1: -23767.766
Finish initializing candidate tree set (4)
Current best tree score: -23767.766 / CPU time: 132.723
Number of iterations: 2
TREE SEARCH COMPLETED AFTER 2 ITERATIONS / Time: 0h:5m:36s

--------------------------------------------------------------------
|                    FINALIZING TREE SEARCH                        |
--------------------------------------------------------------------
Performs final model parameters optimization
Estimate model parameters (epsilon = 0.050)
1. Initial log-likelihood: -23767.766
Optimal log-likelihood: -23767.766
Nonsynonymous/synonymous ratio (omega): 0.262
Transition/transversion ratio (kappa): 3.128
Site proportion and rates:  (0.345,0.360) (0.449,0.980) (0.179,1.981) (0.027,2.998)
Parameters optimization took 1 rounds (17.605 sec)
BEST SCORE FOUND : -23767.766

Testing tree branches by SH-like aLRT with 1000 replicates...
Alternative NNI shows better log-likelihood -23767.496 > -23767.766
11.340 sec.
Total tree length: 13.141

Total number of iterations: 2
CPU time used for tree search: 162.578 sec (0h:2m:42s)
Wall-clock time used for tree search: 132.723 sec (0h:2m:12s)
Total CPU time used: 447.311 sec (0h:7m:27s)
Total wall-clock time used: 365.278 sec (0h:6m:5s)

Analysis results written to: 
  IQ-TREE report:                /Volumes/Expansion/Codex_Project_Archive/DNMT3L_Evolution/DNMT3L_Broadened_Reanalysis_20261006/analysis_v2/phylogenies/Euarchontoglires_MAFFT/Euarchontoglires_MAFFT.iqtree
  Maximum-likelihood tree:       /Volumes/Expansion/Codex_Project_Archive/DNMT3L_Evolution/DNMT3L_Broadened_Reanalysis_20261006/analysis_v2/phylogenies/Euarchontoglires_MAFFT/Euarchontoglires_MAFFT.treefile
  Likelihood distances:          /Volumes/Expansion/Codex_Project_Archive/DNMT3L_Evolution/DNMT3L_Broadened_Reanalysis_20261006/analysis_v2/phylogenies/Euarchontoglires_MAFFT/Euarchontoglires_MAFFT.mldist
  Screen log file:               /Volumes/Expansion/Codex_Project_Archive/DNMT3L_Evolution/DNMT3L_Broadened_Reanalysis_20261006/analysis_v2/phylogenies/Euarchontoglires_MAFFT/Euarchontoglires_MAFFT.log

Date and Time: Tue Oct  6 13:40:42 2026
